// Jest Snapshot v1, https://goo.gl/fbAQLP

exports[`<SearchBy /> should be rendered 1`] = `
<div
  className="search-by"
>
  <span
    className="search-by__title"
  >
    Search by
  </span>
  <div>
    <label
      className="toggle-button"
      onClick={[Function]}
    >
      <input
        className="toggle-button__input toggle-button__input--checked"
        defaultChecked={true}
        name="search"
        type="radio"
      />
      <span
        className="toggle-button__text toggle-button__text--checked"
      >
        Title
      </span>
    </label>
    <label
      className="toggle-button"
      onClick={[Function]}
    >
      <input
        className="toggle-button__input"
        defaultChecked={false}
        name="search"
        type="radio"
      />
      <span
        className="toggle-button__text"
      >
        Genre
      </span>
    </label>
  </div>
</div>
`;
