// Jest Snapshot v1, https://goo.gl/fbAQLP

exports[`<ToggleLayout /> should be rendered 1`] = `
<div>
  <label
    className="toggle-button"
    onClick={[Function]}
  >
    <input
      className="toggle-button__input toggle-button__input--checked"
      defaultChecked="checked"
      name="test"
      type="radio"
    />
    <span
      className="toggle-button__text toggle-button__text--checked"
    >
      Hello world!
    </span>
  </label>
  <label
    className="toggle-button"
    onClick={[Function]}
  >
    <input
      className="toggle-button__input toggle-button__input--checked"
      defaultChecked="checked"
      name="test"
      type="radio"
    />
    <span
      className="toggle-button__text toggle-button__text--checked"
    >
      We are stong
    </span>
  </label>
</div>
`;
