// Jest Snapshot v1, https://goo.gl/fbAQLP

exports[`<MoviePage /> should be rendered with movie 1`] = `
Array [
  <div
    className="movie-block"
  >
    <div
      className="movie-header"
    >
      <h1
        className="logo"
      >
        netfixroulette
      </h1>
      <a
        href="/search"
        onClick={[Function]}
      >
        <button
          className="movie-header__search-button movie-header__search-button--reversed button"
          data-button="search-page__button-search"
          type="button"
        >
          search
        </button>
      </a>
    </div>
    <div
      className="movie movie-block__movie"
    >
      <img
        alt="movieimage"
        className="movie__image"
        src="https://image.tmdb.org/t/p/w500/fqe8JxDNO8B8QfOGTdjh6sPCdSC.jpg"
      />
      <div
        className="movie__info"
      >
        <h2
          className="movie__title"
          data-text="movie-page__movie-title"
        >
          The Hateful Eight
        </h2>
        <p
          className="movie__genres"
        >
          Crime, Drama, Mystery, Western
        </p>
        <p
          className="movie__date"
        >
          2015-12-25
        </p>
        <p
          className="movie__duration"
        >
          167
          m
        </p>
        <p
          className="movie__description"
        >
          Bounty hunters seek shelter from a raging blizzard and get caught up in a plot of betrayal and deception.
        </p>
      </div>
    </div>
  </div>,
  <div
    className="movie-page-info"
  >
    <span
      className="movie-page-info__text"
    >
      Films by
    </span>
    <span
      className="movie-page-info__genre"
    >
      Crime, Drama, Mystery, Western
    </span>
  </div>,
]
`;
